C:/Users/lotfi/Desktop/PROJET M1 TrustZone/GTZC_TZSC_MPCBB_TrustZone/Secure/Src/main.c:77:10:GetTestCaseNumber	4	static
C:/Users/lotfi/Desktop/PROJET M1 TrustZone/GTZC_TZSC_MPCBB_TrustZone/Secure/Src/main.c:87:5:main	8	static
C:/Users/lotfi/Desktop/PROJET M1 TrustZone/GTZC_TZSC_MPCBB_TrustZone/Secure/Src/main.c:164:13:NonSecure_Init	24	static,ignoring_inline_asm
C:/Users/lotfi/Desktop/PROJET M1 TrustZone/GTZC_TZSC_MPCBB_TrustZone/Secure/Src/main.c:184:6:SystemClock_Config	104	static
C:/Users/lotfi/Desktop/PROJET M1 TrustZone/GTZC_TZSC_MPCBB_TrustZone/Secure/Src/main.c:231:1:__io_putchar	16	static
C:/Users/lotfi/Desktop/PROJET M1 TrustZone/GTZC_TZSC_MPCBB_TrustZone/Secure/Src/main.c:237:1:__io_getchar	16	static
C:/Users/lotfi/Desktop/PROJET M1 TrustZone/GTZC_TZSC_MPCBB_TrustZone/Secure/Src/main.c:258:6:Error_Handler	4	static
