C:/Users/lotfi/Desktop/PROJET M1 TrustZone/GTZC_TZSC_MPCBB_TrustZone/Secure/Src/secure_nsc.c:64:20:SECURE_RegisterCallback	16	static
c:\st\stm32cubeide_1.7.0\stm32cubeide\plugins\com.st.stm32cube.ide.mcu.externaltools.gnu-tools-for-stm32.10.3-2021.10.win32_1.0.0.202111181127\tools\arm-none-eabi\include\string.h:119:9:strnlen	24	static
C:/Users/lotfi/Desktop/PROJET M1 TrustZone/GTZC_TZSC_MPCBB_TrustZone/Secure/Src/secure_nsc.c:100:20:DbgConsole_Printf_NSE	24	static
C:/Users/lotfi/Desktop/PROJET M1 TrustZone/GTZC_TZSC_MPCBB_TrustZone/Secure/Src/secure_nsc.c:128:19:DbgConsole_Scanf_NSE	16	static
C:/Users/lotfi/Desktop/PROJET M1 TrustZone/GTZC_TZSC_MPCBB_TrustZone/Secure/Src/secure_nsc.c:142:24:GetTestCaseNumber_NSE	8	static
C:/Users/lotfi/Desktop/PROJET M1 TrustZone/GTZC_TZSC_MPCBB_TrustZone/Secure/Src/secure_nsc.c:149:19:PinCompare_NSE	16	static
C:/Users/lotfi/Desktop/PROJET M1 TrustZone/GTZC_TZSC_MPCBB_TrustZone/Secure/Src/secure_nsc.c:163:20:Access_ok_toggle	8	static
C:/Users/lotfi/Desktop/PROJET M1 TrustZone/GTZC_TZSC_MPCBB_TrustZone/Secure/Src/secure_nsc.c:168:20:Access_Nok_toggle	8	static
