C:/Users/lotfi/Desktop/PROJET M1 TrustZone/GTZC_TZSC_MPCBB_TrustZone/Secure/Src/stm32l5xx_it.c:73:6:NMI_Handler	4	static
C:/Users/lotfi/Desktop/PROJET M1 TrustZone/GTZC_TZSC_MPCBB_TrustZone/Secure/Src/stm32l5xx_it.c:86:6:HardFault_Handler	4	static
C:/Users/lotfi/Desktop/PROJET M1 TrustZone/GTZC_TZSC_MPCBB_TrustZone/Secure/Src/stm32l5xx_it.c:101:6:MemManage_Handler	4	static
C:/Users/lotfi/Desktop/PROJET M1 TrustZone/GTZC_TZSC_MPCBB_TrustZone/Secure/Src/stm32l5xx_it.c:116:6:BusFault_Handler	4	static
C:/Users/lotfi/Desktop/PROJET M1 TrustZone/GTZC_TZSC_MPCBB_TrustZone/Secure/Src/stm32l5xx_it.c:131:6:UsageFault_Handler	4	static
C:/Users/lotfi/Desktop/PROJET M1 TrustZone/GTZC_TZSC_MPCBB_TrustZone/Secure/Src/stm32l5xx_it.c:146:6:SecureFault_Handler	24	static
C:/Users/lotfi/Desktop/PROJET M1 TrustZone/GTZC_TZSC_MPCBB_TrustZone/Secure/Src/stm32l5xx_it.c:172:6:SVC_Handler	4	static
C:/Users/lotfi/Desktop/PROJET M1 TrustZone/GTZC_TZSC_MPCBB_TrustZone/Secure/Src/stm32l5xx_it.c:185:6:DebugMon_Handler	4	static
C:/Users/lotfi/Desktop/PROJET M1 TrustZone/GTZC_TZSC_MPCBB_TrustZone/Secure/Src/stm32l5xx_it.c:201:6:PendSV_Handler	4	static
C:/Users/lotfi/Desktop/PROJET M1 TrustZone/GTZC_TZSC_MPCBB_TrustZone/Secure/Src/stm32l5xx_it.c:217:6:SysTick_Handler	8	static
C:/Users/lotfi/Desktop/PROJET M1 TrustZone/GTZC_TZSC_MPCBB_TrustZone/Secure/Src/stm32l5xx_it.c:238:6:GTZC_IRQHandler	24	static
