C:/Users/lotfi/Desktop/PROJET M1 TrustZone/GTZC_TZSC_MPCBB_TrustZone/NonSecure/Src/stm32l5xx_it.c:71:6:MemManage_Handler	4	static
C:/Users/lotfi/Desktop/PROJET M1 TrustZone/GTZC_TZSC_MPCBB_TrustZone/NonSecure/Src/stm32l5xx_it.c:86:6:UsageFault_Handler	4	static
C:/Users/lotfi/Desktop/PROJET M1 TrustZone/GTZC_TZSC_MPCBB_TrustZone/NonSecure/Src/stm32l5xx_it.c:101:6:SVC_Handler	4	static
C:/Users/lotfi/Desktop/PROJET M1 TrustZone/GTZC_TZSC_MPCBB_TrustZone/NonSecure/Src/stm32l5xx_it.c:114:6:PendSV_Handler	4	static
C:/Users/lotfi/Desktop/PROJET M1 TrustZone/GTZC_TZSC_MPCBB_TrustZone/NonSecure/Src/stm32l5xx_it.c:127:6:SysTick_Handler	8	static
C:/Users/lotfi/Desktop/PROJET M1 TrustZone/GTZC_TZSC_MPCBB_TrustZone/NonSecure/Src/stm32l5xx_it.c:148:6:EXTI13_IRQHandler	8	static
