../Application/User/syscalls.c:57:6:initialise_monitor_handles	4	static
../Application/User/syscalls.c:61:5:_getpid	4	static
../Application/User/syscalls.c:66:5:_kill	16	static
../Application/User/syscalls.c:72:6:_exit	16	static
../Application/User/syscalls.c:78:27:_read	32	static
../Application/User/syscalls.c:90:27:_write	32	static
../Application/User/syscalls.c:101:5:_close	16	static
../Application/User/syscalls.c:107:5:_fstat	16	static
../Application/User/syscalls.c:113:5:_isatty	16	static
../Application/User/syscalls.c:118:5:_lseek	24	static
../Application/User/syscalls.c:123:5:_open	12	static
../Application/User/syscalls.c:129:5:_wait	16	static
../Application/User/syscalls.c:135:5:_unlink	16	static
../Application/User/syscalls.c:141:5:_times	16	static
../Application/User/syscalls.c:146:5:_stat	16	static
../Application/User/syscalls.c:152:5:_link	16	static
../Application/User/syscalls.c:158:5:_fork	8	static
../Application/User/syscalls.c:164:5:_execve	24	static
